Creating chat with thread_id: 0a358375-343a-49c0-9a6b-56eb8113efbb
Message: Test message at 00:02:43 - Why are titles not working?
Response status: 200

Session found:
  ID: 8b16a52d-de01-45d3-8ed9-98eda7e85081
  Title: None
  Expected: Test message at 00:02:43 - Why are titles not working?

Recent backend logs mentioning our thread:
